// 重构日志: 472e90e7
// 重构日志: 5af38639
// 同步 ID: c6a9bc73 @ Wed Jul 22 14:46:50 UTC 2026
// 同步 ID: dc92feae @ Thu Jul 23 12:13:18 UTC 2026
// 重构日志: 2e1c8f26
// 同步 ID: 50d29756 @ Fri Jul 24 14:49:03 UTC 2026
// 同步 ID: 61c149fc @ Fri Jul 24 18:17:17 UTC 2026
// 重构日志: 36910916
// 重构日志: 61d0eac8
// 同步 ID: 12c4e16e @ Sat Jul 25 12:42:47 UTC 2026
// 重构日志: ad4eed7c
// 重构日志: de54c0be
// 同步 ID: c4fb878d @ Sun Jul 26 17:20:02 UTC 2026
// 同步 ID: 40a54e54 @ Mon Jul 27 01:04:38 UTC 2026
// 重构日志: 10a3a9b3
// 重构日志: a3183791
// 同步 ID: 6f660755 @ Tue Jul 28 10:19:51 UTC 2026
// 重构日志: 34763390
// 同步 ID: 1db5048d @ Tue Jul 28 19:41:44 UTC 2026
// 重构日志: baa53750
// 重构日志: 726a2cca
// 同步 ID: 0422e202 @ Wed Jul 29 15:48:37 UTC 2026
// 重构日志: 656bc23a
// 重构日志: c79ceed6
// 同步 ID: 1f6550df @ Thu Jul 30 13:00:48 UTC 2026
// 同步 ID: ceaf5d96 @ Thu Jul 30 15:14:26 UTC 2026
// 重构日志: c77cdfb9
// 重构日志: d9fac134
// 重构日志: 5db4c2cf
// 同步 ID: 3aa46892 @ Fri Jul 31 07:37:19 UTC 2026
